CREATE EXTENSION pg_prosupport;
-- The substitution happens through agg_simplify_hook; see the README, and
-- the header of numeric_agg.sql.
LOAD 'pg_prosupport';
--
-- sum() over a constant argument.  This one does not specialise the
-- aggregation, it removes it:
--
--		sum(c)  ->  c * NULLIF(count(*), 0)::numeric
--
-- The NULLIF is not decoration.  A scalar aggregate over an empty input
-- produces one row holding NULL, whereas count(*) produces 0 and c * 0 is 0 --
-- so without it the rewrite would be wrong in the one case nobody looks at.
--
CREATE TABLE t_const (grp int, v numeric(18,2));
INSERT INTO t_const SELECT i % 3, i * 1.25 FROM generate_series(1, 9) i;
CREATE TABLE t_empty (grp int, v numeric(18,2));
-- The shapes 1C emits: a bare literal, and the padded measure column of a
-- UNION ALL branch that has no value for it.
EXPLAIN (verbose, costs off) SELECT sum('0'::numeric) FROM t_const;
                             QUERY PLAN                              
---------------------------------------------------------------------
 Aggregate
   Output: ('0'::numeric * (NULLIF(count(*), '0'::bigint))::numeric)
   ->  Seq Scan on public.t_const
         Output: grp, v
(4 rows)

EXPLAIN (verbose, costs off) SELECT sum(0.000::numeric(15,3)) FROM t_const;
                                 QUERY PLAN                                  
-----------------------------------------------------------------------------
 Aggregate
   Output: (0.000::numeric(15,3) * (NULLIF(count(*), '0'::bigint))::numeric)
   ->  Seq Scan on public.t_const
         Output: grp, v
(4 rows)

-- the constant does not have to be zero
EXPLAIN (verbose, costs off) SELECT sum('1.005'::numeric) FROM t_const;
                          QUERY PLAN                          
--------------------------------------------------------------
 Aggregate
   Output: (1.005 * (NULLIF(count(*), '0'::bigint))::numeric)
   ->  Seq Scan on public.t_const
         Output: grp, v
(4 rows)

-- grouped, which is where the wasted transitions actually are
EXPLAIN (verbose, costs off)
	SELECT grp, sum('0'::numeric) FROM t_const GROUP BY grp;
                                QUERY PLAN                                
--------------------------------------------------------------------------
 HashAggregate
   Output: grp, ('0'::numeric * (NULLIF(count(*), '0'::bigint))::numeric)
   Group Key: t_const.grp
   ->  Seq Scan on public.t_const
         Output: grp, v
(5 rows)

-- FILTER is carried over to the count(*): it counts exactly the rows sum()
-- would have added, and a filter matching nothing leaves count(*) at 0.
EXPLAIN (verbose, costs off)
	SELECT sum('2.5'::numeric) FILTER (WHERE grp = 1) FROM t_const;
                                     QUERY PLAN                                      
-------------------------------------------------------------------------------------
 Aggregate
   Output: (2.5 * (NULLIF(count(*) FILTER (WHERE (grp = 1)), '0'::bigint))::numeric)
   ->  Seq Scan on public.t_const
         Output: grp, v
(4 rows)

-- The same expression twice.  EXPLAIN shows both; ExecInitAgg() matches
-- Aggrefs with equal(), so the two share one count(*) transition, and share it
-- with the count(*) that was already there.
EXPLAIN (verbose, costs off)
	SELECT sum('0'::numeric), sum('0'::numeric), count(*) FROM t_const;
                                                                QUERY PLAN                                                                
------------------------------------------------------------------------------------------------------------------------------------------
 Aggregate
   Output: ('0'::numeric * (NULLIF(count(*), '0'::bigint))::numeric), ('0'::numeric * (NULLIF(count(*), '0'::bigint))::numeric), count(*)
   ->  Seq Scan on public.t_const
         Output: grp, v
(4 rows)

-- In a HAVING, which is the case that started this: a sum of a literal zero
-- compared to zero, twenty-six times in one disjunction in the real query.
EXPLAIN (verbose, costs off)
	SELECT grp FROM t_const GROUP BY grp HAVING sum('0'::numeric) <> 0;
                                      QUERY PLAN                                       
---------------------------------------------------------------------------------------
 HashAggregate
   Output: grp
   Group Key: t_const.grp
   Filter: (('0'::numeric * (NULLIF(count(*), '0'::bigint))::numeric) <> '0'::numeric)
   ->  Seq Scan on public.t_const
         Output: grp, v
(6 rows)

--
-- What is left alone.
--
-- sum(DISTINCT c) is c, not c * count(*); ORDER BY sorts by expressions that
-- live in the Aggref's argument list, which the replacement does not have.
-- Both fall through to the ordinary specialisation, which refuses them too.
EXPLAIN (verbose, costs off) SELECT sum(DISTINCT '1.005'::numeric) FROM t_const;
            QUERY PLAN            
----------------------------------
 Aggregate
   Output: sum(DISTINCT 1.005)
   ->  Seq Scan on public.t_const
         Output: grp, v
(4 rows)

EXPLAIN (verbose, costs off) SELECT sum('1.005'::numeric ORDER BY v) FROM t_const;
               QUERY PLAN               
----------------------------------------
 Aggregate
   Output: sum(1.005 ORDER BY v)
   ->  Sort
         Output: v
         Sort Key: t_const.v
         ->  Seq Scan on public.t_const
               Output: v
(7 rows)

-- avg(c) is not c: avg() divides through numeric_div(), whose result scale
-- comes from select_div_scale() and carries more fractional digits than c has.
-- So it is specialised in the ordinary way instead.
EXPLAIN (verbose, costs off) SELECT avg('1.005'::numeric) FROM t_const;
               QUERY PLAN               
----------------------------------------
 Aggregate
   Output: numeric_scaled_avg(1.005, 3)
   ->  Seq Scan on public.t_const
         Output: grp, v
(4 rows)

-- an argument that is not constant is none of this module's business
EXPLAIN (verbose, costs off) SELECT sum(v) FROM t_const;
             QUERY PLAN             
------------------------------------
 Aggregate
   Output: numeric_scaled_sum(v, 2)
   ->  Seq Scan on public.t_const
         Output: grp, v
(4 rows)

--
-- The switches.  fold_const_sum takes out this transformation alone and leaves
-- the specialisation in place; enabled takes out both.
--
SET pg_prosupport.fold_const_sum = off;
EXPLAIN (verbose, costs off) SELECT sum('0'::numeric) FROM t_const;
                  QUERY PLAN                   
-----------------------------------------------
 Aggregate
   Output: numeric_scaled_sum('0'::numeric, 0)
   ->  Seq Scan on public.t_const
         Output: grp, v
(4 rows)

RESET pg_prosupport.fold_const_sum;
SET pg_prosupport.enabled = off;
EXPLAIN (verbose, costs off) SELECT sum('0'::numeric) FROM t_const;
            QUERY PLAN            
----------------------------------
 Aggregate
   Output: sum('0'::numeric)
   ->  Seq Scan on public.t_const
         Output: grp, v
(4 rows)

RESET pg_prosupport.enabled;
--
-- The values.  The rewrite has to reproduce core exactly, dscale included, so
-- the reference is taken with the whole extension switched off.
--
SET pg_prosupport.enabled = off;
CREATE TABLE t_constref AS
	SELECT grp,
		   sum('0'::numeric)::text						AS s1,
		   sum(0.000::numeric(15,3))::text				AS s2,
		   sum('1.005'::numeric)::text					AS s3,
		   sum('-2.50'::numeric)::text					AS s4,
		   sum('NaN'::numeric)::text					AS s5,
		   sum('Infinity'::numeric)::text				AS s6,
		   sum(NULL::numeric)::text						AS s7,
		   (sum('2.5'::numeric) FILTER (WHERE v > 5))::text AS s8
	FROM t_const GROUP BY grp;
RESET pg_prosupport.enabled;
SELECT count(*) AS const_mismatches
FROM t_constref r
FULL JOIN (
	SELECT grp,
		   sum('0'::numeric)::text						AS s1,
		   sum(0.000::numeric(15,3))::text				AS s2,
		   sum('1.005'::numeric)::text					AS s3,
		   sum('-2.50'::numeric)::text					AS s4,
		   sum('NaN'::numeric)::text					AS s5,
		   sum('Infinity'::numeric)::text				AS s6,
		   sum(NULL::numeric)::text						AS s7,
		   (sum('2.5'::numeric) FILTER (WHERE v > 5))::text AS s8
	FROM t_const GROUP BY grp) x USING (grp)
WHERE (r.s1, r.s2, r.s3, r.s4, r.s5, r.s6, r.s7, r.s8)
	  IS DISTINCT FROM (x.s1, x.s2, x.s3, x.s4, x.s5, x.s6, x.s7, x.s8);
 const_mismatches 
------------------
                0
(1 row)

-- The dscale of the result is the dscale of the constant: numeric
-- multiplication yields s1 + s2 and the int8 conversion yields 0.
SELECT sum(0.000::numeric(15,3)) AS trailing_zeroes FROM t_const;
 trailing_zeroes 
-----------------
           0.000
(1 row)

SELECT sum('1.005'::numeric) AS scalar_sum FROM t_const;
 scalar_sum 
------------
      9.045
(1 row)

SELECT sum('-2.50'::numeric) AS negative_sum FROM t_const;
 negative_sum 
--------------
       -22.50
(1 row)

-- The empty input, which is what the NULLIF is there for.
SELECT sum('0'::numeric) IS NULL AS empty_is_null FROM t_empty;
 empty_is_null 
---------------
 t
(1 row)

SELECT sum('0'::numeric) IS NULL AS empty_group_is_null
	FROM t_empty GROUP BY GROUPING SETS ((), (grp));
 empty_group_is_null 
---------------------
 t
(1 row)

-- a FILTER that matches nothing is the same situation
SELECT sum('0'::numeric) FILTER (WHERE false) IS NULL AS empty_filter_is_null
	FROM t_const;
 empty_filter_is_null 
----------------------
 t
(1 row)

-- The special values go through numeric_mul() rather than through repeated
-- addition, and have to come out the same all the same.
SELECT sum('NaN'::numeric) AS nan_sum FROM t_const;
 nan_sum 
---------
     NaN
(1 row)

SELECT sum('Infinity'::numeric) AS inf_sum FROM t_const;
 inf_sum  
----------
 Infinity
(1 row)

SELECT sum('-Infinity'::numeric) AS neginf_sum FROM t_const;
 neginf_sum 
------------
  -Infinity
(1 row)

SELECT sum(NULL::numeric) IS NULL AS null_const_is_null FROM t_const;
 null_const_is_null 
--------------------
 t
(1 row)

-- The two shapes that are refused still have to compute the right answer.
SELECT sum(DISTINCT '1.005'::numeric) AS distinct_sum FROM t_const;
 distinct_sum 
--------------
        1.005
(1 row)

SELECT sum('1.005'::numeric ORDER BY v) AS ordered_sum FROM t_const;
 ordered_sum 
-------------
       9.045
(1 row)

-- Partial aggregation: the count(*) is combined across workers and the
-- multiplication happens once, above the Gather.
SET max_parallel_workers_per_gather = 0;
SELECT sum('1.005'::numeric)::text AS constseq FROM t_const \gset
SET max_parallel_workers_per_gather = 4;
SET parallel_setup_cost = 0;
SET parallel_tuple_cost = 0;
SET min_parallel_table_scan_size = 0;
SELECT sum('1.005'::numeric)::text = :'constseq' AS const_parallel_matches_serial
	FROM t_const;
 const_parallel_matches_serial 
-------------------------------
 t
(1 row)

RESET max_parallel_workers_per_gather;
RESET parallel_setup_cost;
RESET parallel_tuple_cost;
RESET min_parallel_table_scan_size;
DROP TABLE t_const, t_constref, t_empty;
DROP EXTENSION pg_prosupport;
