CREATE EXTENSION pg_prosupport;
-- The substitution happens through agg_simplify_hook, a global planner hook
-- that _PG_init() installs when the library is loaded -- see the README.
-- CREATE EXTENSION creates the catalog objects but does not by itself load
-- the library; LOAD does, for this session.
LOAD 'pg_prosupport';
--
-- When the substitution happens and when it does not
--
CREATE TABLE t_ok    (v numeric(18,2));
CREATE TABLE t_wide  (v numeric(19,2));
CREATE TABLE t_w28   (v numeric(28,20));
CREATE TABLE t_w29   (v numeric(29,2));
CREATE TABLE t_plain (v numeric);
CREATE TABLE t_int0  (v numeric(18,0));
CREATE TABLE t_frac  (v numeric(18,18));
CREATE DOMAIN money18 AS numeric(18,2);
CREATE TABLE t_dom   (v money18);
-- A domain over a domain: getBaseTypeAndTypmod() runs a loop and its inner
-- Assert(*typmod == -1) only holds because the intermediate domain has
-- typtypmod = -1.  Verify by running it rather than by reasoning about it.
CREATE DOMAIN money18_2 AS money18;
CREATE TABLE t_dom2  (v money18_2);
EXPLAIN (verbose, costs off) SELECT sum(v) FROM t_ok;
             QUERY PLAN              
-------------------------------------
 Aggregate
   Output: bounded_numeric_sum(v, 2)
   ->  Seq Scan on public.t_ok
         Output: v
(4 rows)

EXPLAIN (verbose, costs off) SELECT sum(v) FROM t_int0;
             QUERY PLAN              
-------------------------------------
 Aggregate
   Output: bounded_numeric_sum(v, 0)
   ->  Seq Scan on public.t_int0
         Output: v
(4 rows)

EXPLAIN (verbose, costs off) SELECT sum(v) FROM t_frac;
              QUERY PLAN              
--------------------------------------
 Aggregate
   Output: bounded_numeric_sum(v, 18)
   ->  Seq Scan on public.t_frac
         Output: v
(4 rows)

-- A domain over numeric(18,2): substituted, with the typmod taken from the domain
EXPLAIN (verbose, costs off) SELECT sum(v) FROM t_dom;
                   QUERY PLAN                   
------------------------------------------------
 Aggregate
   Output: bounded_numeric_sum((v)::numeric, 2)
   ->  Seq Scan on public.t_dom
         Output: v
(4 rows)

EXPLAIN (verbose, costs off) SELECT sum(v) FROM t_dom2;
                   QUERY PLAN                   
------------------------------------------------
 Aggregate
   Output: bounded_numeric_sum((v)::numeric, 2)
   ->  Seq Scan on public.t_dom2
         Output: v
(4 rows)

SELECT sum(v) FROM (VALUES ('1.005'::money18_2), ('2.00')) x(v);
 sum  
------
 3.01
(1 row)

-- 19 <= p <= 28 uses the same aggregate: the mantissa is in int128 anyway
EXPLAIN (verbose, costs off) SELECT sum(v) FROM t_wide;
             QUERY PLAN              
-------------------------------------
 Aggregate
   Output: bounded_numeric_sum(v, 2)
   ->  Seq Scan on public.t_wide
         Output: v
(4 rows)

EXPLAIN (verbose, costs off) SELECT sum(v) FROM t_w28;
              QUERY PLAN              
--------------------------------------
 Aggregate
   Output: bounded_numeric_sum(v, 20)
   ->  Seq Scan on public.t_w28
         Output: v
(4 rows)

-- p = 29 > 28: the accumulator no longer has comfortable headroom, leave it to core
EXPLAIN (verbose, costs off) SELECT sum(v) FROM t_w29;
           QUERY PLAN           
--------------------------------
 Aggregate
   Output: sum(v)
   ->  Seq Scan on public.t_w29
         Output: v
(4 rows)

-- no typmod at all
EXPLAIN (verbose, costs off) SELECT sum(v) FROM t_plain;
            QUERY PLAN            
----------------------------------
 Aggregate
   Output: sum(v)
   ->  Seq Scan on public.t_plain
         Output: v
(4 rows)

-- The argument need not be a column: exprTypmod() yields a typmod for CASE and
-- COALESCE when it is the same in every arm, and then every value really does
-- carry the required dscale.
EXPLAIN (verbose, costs off)
  SELECT sum(CASE WHEN v > 0 THEN v ELSE v END) FROM t_ok;
                                    QUERY PLAN                                    
----------------------------------------------------------------------------------
 Aggregate
   Output: bounded_numeric_sum(CASE WHEN (v > '0'::numeric) THEN v ELSE v END, 2)
   ->  Seq Scan on public.t_ok
         Output: v
(4 rows)

EXPLAIN (verbose, costs off) SELECT sum(coalesce(v, v)) FROM t_ok;
                    QUERY PLAN                    
--------------------------------------------------
 Aggregate
   Output: bounded_numeric_sum(COALESCE(v, v), 2)
   ->  Seq Scan on public.t_ok
         Output: v
(4 rows)

-- with arms of differing typmod it is lost, and there must be no substitution
EXPLAIN (verbose, costs off)
  SELECT sum(CASE WHEN v > 0 THEN v ELSE 0::numeric END) FROM t_ok;
                                QUERY PLAN                                
--------------------------------------------------------------------------
 Aggregate
   Output: sum(CASE WHEN (v > '0'::numeric) THEN v ELSE '0'::numeric END)
   ->  Seq Scan on public.t_ok
         Output: v
(4 rows)

-- A PREPARE parameter never qualifies for the typmod path: its paramtypmod is
-- -1 even when the type was declared numeric(18,2), and the value is bound
-- without the typmod being applied.
--
-- Which of the two things happens instead depends on the plan.  A custom plan
-- is built with the parameter bound, so it is folded to a Const before the
-- support function is called and the constant rewrite fires on it -- correctly:
-- the value is whatever this execution supplied, and the plan is only used for
-- this execution.  A generic plan is built with no bound parameters at all, the
-- Param survives constant folding, and nothing fires.
PREPARE pparam (numeric(18,2)) AS SELECT sum(x) FROM (VALUES ($1)) t(x);
EXPLAIN (verbose, costs off) EXECUTE pparam ('1.00');
               QUERY PLAN               
----------------------------------------
 Aggregate
   Output: bounded_numeric_sum(1.00, 2)
   ->  Result
(3 rows)

EXECUTE pparam ('1.23456');
   sum   
---------
 1.23456
(1 row)

SET plan_cache_mode = force_generic_plan;
EXPLAIN (verbose, costs off) EXECUTE pparam ('1.00');
    QUERY PLAN     
-------------------
 Aggregate
   Output: sum($1)
   ->  Result
(3 rows)

EXECUTE pparam ('1.23456');
   sum   
---------
 1.23456
(1 row)

RESET plan_cache_mode;
DEALLOCATE pparam;
--
-- Arithmetic arguments.  exprTypmod() gives up on an OpExpr, so the bounds are
-- derived from the operands: a product has scale s1+s2 and at most p1+p2
-- digits, a sum or difference has scale max(s1,s2) and at most
-- max(p1-s1,p2-s2)+1+max(s1,s2).  Division is excluded on purpose --
-- select_div_scale() derives the quotient's scale from the values, not the
-- typmods.
--
CREATE TABLE t_ab (a numeric(10,2), b numeric(12,4), c numeric(20,10));
-- 10 + 12 = 22 digits, scale 2 + 4 = 6
EXPLAIN (verbose, costs off) SELECT sum(a * b) FROM t_ab;
                  QUERY PLAN                   
-----------------------------------------------
 Aggregate
   Output: bounded_numeric_sum_mul(a, b, 2, 4)
   ->  Seq Scan on public.t_ab
         Output: a, b, c
(4 rows)

-- max(8,8) + 1 + 4 = 13 digits, scale max(2,4) = 4
EXPLAIN (verbose, costs off) SELECT sum(a + b) FROM t_ab;
                QUERY PLAN                 
-------------------------------------------
 Aggregate
   Output: bounded_numeric_sum((a + b), 4)
   ->  Seq Scan on public.t_ab
         Output: a, b, c
(4 rows)

EXPLAIN (verbose, costs off) SELECT sum(a - b) FROM t_ab;
                QUERY PLAN                 
-------------------------------------------
 Aggregate
   Output: bounded_numeric_sum((a - b), 4)
   ->  Seq Scan on public.t_ab
         Output: a, b, c
(4 rows)

EXPLAIN (verbose, costs off) SELECT sum(-a) FROM t_ab;
               QUERY PLAN                
-----------------------------------------
 Aggregate
   Output: bounded_numeric_sum((- a), 2)
   ->  Seq Scan on public.t_ab
         Output: a, b, c
(4 rows)

-- nested: (a * b) + a is 22 digits at scale 6, then max(16,8)+1+6 = 23
EXPLAIN (verbose, costs off) SELECT sum(a * b + a) FROM t_ab;
                   QUERY PLAN                    
-------------------------------------------------
 Aggregate
   Output: bounded_numeric_sum(((a * b) + a), 6)
   ->  Seq Scan on public.t_ab
         Output: a, b, c
(4 rows)

-- constants carry no typmod, so their digits are counted from the value
EXPLAIN (verbose, costs off) SELECT sum(a * 1.2) FROM t_ab;
                   QUERY PLAN                    
-------------------------------------------------
 Aggregate
   Output: bounded_numeric_sum_mul(a, 1.2, 2, 1)
   ->  Seq Scan on public.t_ab
         Output: a, b, c
(4 rows)

EXPLAIN (verbose, costs off) SELECT sum(a - 1) FROM t_ab;
                      QUERY PLAN                      
------------------------------------------------------
 Aggregate
   Output: bounded_numeric_sum((a - '1'::numeric), 2)
   ->  Seq Scan on public.t_ab
         Output: a, b, c
(4 rows)

EXPLAIN (verbose, costs off) SELECT sum(a * 0.05) FROM t_ab;
                    QUERY PLAN                    
--------------------------------------------------
 Aggregate
   Output: bounded_numeric_sum_mul(a, 0.05, 2, 2)
   ->  Seq Scan on public.t_ab
         Output: a, b, c
(4 rows)

-- A cast inside the product: this is the shape that shows up in reporting
-- queries, and exprTypmod() does return the typmod of a length coercion.
EXPLAIN (verbose, costs off) SELECT sum(a * c::numeric(14,4)) FROM t_ab;
                           QUERY PLAN                           
----------------------------------------------------------------
 Aggregate
   Output: bounded_numeric_sum_mul(a, (c)::numeric(14,4), 2, 4)
   ->  Seq Scan on public.t_ab
         Output: a, b, c
(4 rows)

-- round() and trunc() with a constant scale: numeric_round() sets the result's
-- dscale to exactly max(n,0), and rounding can carry one extra integer digit
EXPLAIN (verbose, costs off) SELECT sum(round(a * b, 2)) FROM t_ab;
                     QUERY PLAN                      
-----------------------------------------------------
 Aggregate
   Output: bounded_numeric_sum(round((a * b), 2), 2)
   ->  Seq Scan on public.t_ab
         Output: a, b, c
(4 rows)

EXPLAIN (verbose, costs off) SELECT sum(trunc(a * b, 2)) FROM t_ab;
                     QUERY PLAN                      
-----------------------------------------------------
 Aggregate
   Output: bounded_numeric_sum(trunc((a * b), 2), 2)
   ->  Seq Scan on public.t_ab
         Output: a, b, c
(4 rows)

EXPLAIN (verbose, costs off) SELECT sum(round(a * b)) FROM t_ab;
                     QUERY PLAN                      
-----------------------------------------------------
 Aggregate
   Output: bounded_numeric_sum(round((a * b), 0), 0)
   ->  Seq Scan on public.t_ab
         Output: a, b, c
(4 rows)

EXPLAIN (verbose, costs off) SELECT sum(round(a, -1)) FROM t_ab;
                        QUERY PLAN                         
-----------------------------------------------------------
 Aggregate
   Output: bounded_numeric_sum(round(a, '-1'::integer), 0)
   ->  Seq Scan on public.t_ab
         Output: a, b, c
(4 rows)

-- a non-constant scale is not known at plan time
EXPLAIN (verbose, costs off) SELECT sum(round(a, g)) FROM t_ab, generate_series(1,2) g;
                        QUERY PLAN                         
-----------------------------------------------------------
 Aggregate
   Output: sum(round(t_ab.a, g.g))
   ->  Nested Loop
         Output: t_ab.a, g.g
         ->  Function Scan on pg_catalog.generate_series g
               Output: g.g
               Function Call: generate_series(1, 2)
         ->  Materialize
               Output: t_ab.a
               ->  Seq Scan on public.t_ab
                     Output: t_ab.a
(11 rows)

-- 10 + 20 = 30 > 28: too wide, left to core
EXPLAIN (verbose, costs off) SELECT sum(a * c) FROM t_ab;
          QUERY PLAN           
-------------------------------
 Aggregate
   Output: sum((a * c))
   ->  Seq Scan on public.t_ab
         Output: a, b, c
(4 rows)

-- division is never derived
EXPLAIN (verbose, costs off) SELECT sum(a / b) FROM t_ab;
          QUERY PLAN           
-------------------------------
 Aggregate
   Output: sum((a / b))
   ->  Seq Scan on public.t_ab
         Output: a, b, c
(4 rows)

-- neither is an unbounded operand
EXPLAIN (verbose, costs off) SELECT sum(a * v) FROM t_ab, t_plain;
                QUERY PLAN                 
-------------------------------------------
 Aggregate
   Output: sum((t_ab.a * t_plain.v))
   ->  Nested Loop
         Output: t_ab.a, t_plain.v
         ->  Seq Scan on public.t_plain
               Output: t_plain.v
         ->  Materialize
               Output: t_ab.a
               ->  Seq Scan on public.t_ab
                     Output: t_ab.a
(10 rows)

--
-- A product at the top of the argument is taken apart and folded into the
-- transition function, so that no intermediate numeric is built at all.  The
-- factors need not be columns; each side goes through the same derivation.
--
CREATE TABLE t_mul (grp int, a numeric(10,2), b numeric(8,4),
					d numeric(20,2), e numeric(6,2));
EXPLAIN (verbose, costs off) SELECT sum(a * b) FROM t_mul;
                  QUERY PLAN                   
-----------------------------------------------
 Aggregate
   Output: bounded_numeric_sum_mul(a, b, 2, 4)
   ->  Seq Scan on public.t_mul
         Output: grp, a, b, d, e
(4 rows)

EXPLAIN (verbose, costs off) SELECT avg(a * b) FROM t_mul;
                  QUERY PLAN                   
-----------------------------------------------
 Aggregate
   Output: bounded_numeric_avg_mul(a, b, 2, 4)
   ->  Seq Scan on public.t_mul
         Output: grp, a, b, d, e
(4 rows)

EXPLAIN (verbose, costs off) SELECT sum((a + 1) * b) FROM t_mul;
                           QUERY PLAN                           
----------------------------------------------------------------
 Aggregate
   Output: bounded_numeric_sum_mul((a + '1'::numeric), b, 2, 4)
   ->  Seq Scan on public.t_mul
         Output: grp, a, b, d, e
(4 rows)

EXPLAIN (verbose, costs off) SELECT sum(a * 1.2) FROM t_mul;
                   QUERY PLAN                    
-------------------------------------------------
 Aggregate
   Output: bounded_numeric_sum_mul(a, 1.2, 2, 1)
   ->  Seq Scan on public.t_mul
         Output: grp, a, b, d, e
(4 rows)

EXPLAIN (verbose, costs off) SELECT sum(round(a, 1) * b) FROM t_mul;
                       QUERY PLAN                        
---------------------------------------------------------
 Aggregate
   Output: bounded_numeric_sum_mul(round(a, 1), b, 1, 4)
   ->  Seq Scan on public.t_mul
         Output: grp, a, b, d, e
(4 rows)

-- the product is not at the top: the sum is still specialised, the
-- multiplication is not
EXPLAIN (verbose, costs off) SELECT sum(a * b + a) FROM t_mul;
                   QUERY PLAN                    
-------------------------------------------------
 Aggregate
   Output: bounded_numeric_sum(((a * b) + a), 6)
   ->  Seq Scan on public.t_mul
         Output: grp, a, b, d, e
(4 rows)

-- a factor wider than 18 digits cannot go through int128_add_int64_mul_int64,
-- so this falls back to specialising only the accumulation
EXPLAIN (verbose, costs off) SELECT sum(d * e) FROM t_mul;
                QUERY PLAN                 
-------------------------------------------
 Aggregate
   Output: bounded_numeric_sum((d * e), 4)
   ->  Seq Scan on public.t_mul
         Output: grp, a, b, d, e
(4 rows)

-- The fold nests: (a * b) is itself derivable at 18 digits, so it becomes the
-- left factor and only the outer multiplication is folded away.  The inner one
-- is still numeric_mul(), which is why 18 + 10 = 28 has to fit.
EXPLAIN (verbose, costs off) SELECT sum(a * b * a) FROM t_mul;
                     QUERY PLAN                      
-----------------------------------------------------
 Aggregate
   Output: bounded_numeric_sum_mul((a * b), a, 6, 2)
   ->  Seq Scan on public.t_mul
         Output: grp, a, b, d, e
(4 rows)

-- one more digit on either side and nothing fits any more
EXPLAIN (verbose, costs off) SELECT sum(a * b * d) FROM t_mul;
           QUERY PLAN            
---------------------------------
 Aggregate
   Output: sum(((a * b) * d))
   ->  Seq Scan on public.t_mul
         Output: grp, a, b, d, e
(4 rows)

INSERT INTO t_mul VALUES
	(1,  1.25,  3.1234,  1.00,  1.00),
	(1, -0.10,  0.0001, -2.50,  3.00),
	(1,  0.00,  9999.9999, 0.00, 0.00),
	(2,  99999999.99,  9999.9999,  999999999999999999.99,  9999.99),
	(2, -99999999.99, -9999.9999, -999999999999999999.99, -9999.99),
	(3,  0.01,  0.0001, 0.01, 0.01),
	(3,  NULL,  1.0000, NULL, 1.00),
	(3,  1.00,  NULL,   1.00, NULL),
	(4, 'NaN', 1.0000, 'NaN', 1.00),
	(4,  2.00, 3.0000,  2.00, 3.00);
SET pg_prosupport.bounded_numeric_agg = off;
CREATE TABLE t_mulref AS
	SELECT grp,
		   sum(a * b)::text          AS s1,
		   avg(a * b)::text          AS s2,
		   sum((a + 1) * b)::text    AS s3,
		   sum(a * 1.2)::text        AS s4,
		   sum(round(a, 1) * b)::text AS s5,
		   sum(a * b + a)::text      AS s6,
		   sum(d * e)::text          AS s7,
		   sum(a * b * a)::text      AS s8
	FROM t_mul GROUP BY grp;
RESET pg_prosupport.bounded_numeric_agg;
SELECT count(*) AS mul_mismatches
FROM t_mulref r
FULL JOIN (
	SELECT grp,
		   sum(a * b)::text          AS s1,
		   avg(a * b)::text          AS s2,
		   sum((a + 1) * b)::text    AS s3,
		   sum(a * 1.2)::text        AS s4,
		   sum(round(a, 1) * b)::text AS s5,
		   sum(a * b + a)::text      AS s6,
		   sum(d * e)::text          AS s7,
		   sum(a * b * a)::text      AS s8
	FROM t_mul GROUP BY grp) x USING (grp)
WHERE (r.s1, r.s2, r.s3, r.s4, r.s5, r.s6, r.s7, r.s8)
	  IS DISTINCT FROM (x.s1, x.s2, x.s3, x.s4, x.s5, x.s6, x.s7, x.s8);
 mul_mismatches 
----------------
              0
(1 row)

SELECT grp, sum(a * b), avg(a * b) FROM t_mul GROUP BY grp ORDER BY grp;
 grp |         sum          |            avg             
-----+----------------------+----------------------------
   1 |             3.904240 |     1.30141333333333333333
   2 | 1999999979800.000002 |      999999989900.00000100
   3 |             0.000001 | 0.000001000000000000000000
   4 |                  NaN |                        NaN
(4 rows)

-- parallel, where the folded state also crosses the worker boundary
SET max_parallel_workers_per_gather = 0;
SELECT sum(a * b)::text AS mulseq FROM t_mul \gset
SET max_parallel_workers_per_gather = 4;
SET parallel_setup_cost = 0;
SET parallel_tuple_cost = 0;
SET min_parallel_table_scan_size = 0;
SELECT sum(a * b)::text = :'mulseq' AS mul_parallel_matches_serial FROM t_mul;
 mul_parallel_matches_serial 
-----------------------------
 t
(1 row)

RESET max_parallel_workers_per_gather;
RESET parallel_setup_cost;
RESET parallel_tuple_cost;
RESET min_parallel_table_scan_size;
--
-- Special values in a product.  A numeric(p,s) column cannot hold an infinity,
-- so these are only reachable by calling the aggregate directly -- but the
-- rules of numeric_mul() have to be reproduced exactly all the same, because
-- no numeric_mul() call happens any more.
--
SELECT bounded_numeric_sum_mul(x, y, 2, 2)
  FROM (VALUES ('Infinity'::numeric, 2.00)) t(x, y);
 bounded_numeric_sum_mul 
-------------------------
                Infinity
(1 row)

SELECT bounded_numeric_sum_mul(x, y, 2, 2)
  FROM (VALUES ('Infinity'::numeric, -2.00)) t(x, y);
 bounded_numeric_sum_mul 
-------------------------
               -Infinity
(1 row)

SELECT bounded_numeric_sum_mul(x, y, 2, 2)
  FROM (VALUES ('Infinity'::numeric, 0.00)) t(x, y);
 bounded_numeric_sum_mul 
-------------------------
                     NaN
(1 row)

SELECT bounded_numeric_sum_mul(x, y, 2, 2)
  FROM (VALUES ('-Infinity'::numeric, '-Infinity'::numeric)) t(x, y);
 bounded_numeric_sum_mul 
-------------------------
                Infinity
(1 row)

SELECT bounded_numeric_sum_mul(x, y, 2, 2)
  FROM (VALUES ('-Infinity'::numeric, 'Infinity'::numeric)) t(x, y);
 bounded_numeric_sum_mul 
-------------------------
               -Infinity
(1 row)

SELECT bounded_numeric_sum_mul(x, y, 2, 2)
  FROM (VALUES ('NaN'::numeric, 'Infinity'::numeric)) t(x, y);
 bounded_numeric_sum_mul 
-------------------------
                     NaN
(1 row)

SELECT bounded_numeric_sum_mul(x, y, 2, 2)
  FROM (VALUES (NULL::numeric, 2.00)) t(x, y);
 bounded_numeric_sum_mul 
-------------------------
                        
(1 row)

-- a factor that does not honour the scale it was specialised on
SELECT bounded_numeric_sum_mul(x, y, 2, 2)
  FROM (VALUES (1.234::numeric, 2.00)) t(x, y);
ERROR:  value does not fit the declared numeric scale
DETAIL:  The aggregate was specialised on the declared types of the factors; a row source supplied a value outside that declaration.
SELECT bounded_numeric_sum_mul(x, y, 2, 2)
  FROM (VALUES (1e20::numeric, 2.00)) t(x, y);
ERROR:  value does not fit the declared numeric scale
DETAIL:  The aggregate was specialised on the declared types of the factors; a row source supplied a value outside that declaration.
-- and the values have to match core exactly, dscale included
INSERT INTO t_ab VALUES (1.25, 3.1234, 7.0123456789),
						(-0.10, 0.0001, -1.0000000001),
						(99999999.99, 99999999.9999, 1234567890.0123456789);
SET pg_prosupport.bounded_numeric_agg = off;
SELECT sum(a * b)::text AS r1, sum(a + b)::text AS r2, sum(a - b)::text AS r3,
	   sum(-a)::text AS r4, sum(a * b + a)::text AS r5,
	   sum(a * 1.2)::text AS r6, sum(a - 1)::text AS r7,
	   sum(a * 0.05)::text AS r8,
	   sum(a * c::numeric(14,4))::text AS r9,
	   sum(round(a * b, 2))::text AS r10,
	   sum(trunc(a * b, 2))::text AS r11,
	   sum(round(a * b))::text AS r12,
	   sum(round(a, -1))::text AS r13 FROM t_ab \gset
RESET pg_prosupport.bounded_numeric_agg;
SELECT sum(a * b)::text = :'r1' AS mul,
	   sum(a + b)::text = :'r2' AS add,
	   sum(a - b)::text = :'r3' AS sub,
	   sum(-a)::text = :'r4' AS neg,
	   sum(a * b + a)::text = :'r5' AS nested,
	   sum(a * 1.2)::text = :'r6' AS const_mul,
	   sum(a - 1)::text = :'r7' AS const_sub,
	   sum(a * 0.05)::text = :'r8' AS const_small
FROM t_ab;
 mul | add | sub | neg | nested | const_mul | const_sub | const_small 
-----+-----+-----+-----+--------+-----------+-----------+-------------
 t   | t   | t   | t   | t      | t         | t         | t
(1 row)

SELECT sum(a * c::numeric(14,4))::text = :'r9' AS cast_mul,
	   sum(round(a * b, 2))::text = :'r10' AS rounded,
	   sum(trunc(a * b, 2))::text = :'r11' AS truncated,
	   sum(round(a * b))::text = :'r12' AS rounded0,
	   sum(round(a, -1))::text = :'r13' AS rounded_neg
FROM t_ab;
 cast_mul | rounded | truncated | rounded0 | rounded_neg 
----------+---------+-----------+----------+-------------
 t        | t       | t         | t        | t
(1 row)

-- Rounding that carries into an extra integer digit: round(9.99, 1) is 10.0,
-- which is why the derived precision allows for one more digit than the
-- operand has.
SELECT sum(round(v, 1))::text FROM (VALUES ('9.99'::numeric(3,2))) x(v);
 sum  
------
 10.0
(1 row)

-- A plpgsql variable does carry a typmod, unlike a PREPARE parameter, and
-- plpgsql coerces on assignment, so the promise holds.
CREATE FUNCTION pps_plpgsql_probe() RETURNS numeric LANGUAGE plpgsql AS $$
DECLARE
	x numeric(10,2) := 1.005;
BEGIN
	RETURN (SELECT sum(y) FROM (VALUES (x), (x)) t(y));
END
$$;
SELECT pps_plpgsql_probe();
 pps_plpgsql_probe 
-------------------
              2.02
(1 row)

DROP FUNCTION pps_plpgsql_probe();
--
-- avg().  It shares the transition function with sum() and differs only in the
-- final function, exactly as core shares numeric_avg_accum.
--
EXPLAIN (verbose, costs off) SELECT avg(v) FROM t_ok;
             QUERY PLAN              
-------------------------------------
 Aggregate
   Output: bounded_numeric_avg(v, 2)
   ->  Seq Scan on public.t_ok
         Output: v
(4 rows)

EXPLAIN (verbose, costs off) SELECT avg(a * b) FROM t_ab;
                  QUERY PLAN                   
-----------------------------------------------
 Aggregate
   Output: bounded_numeric_avg_mul(a, b, 2, 4)
   ->  Seq Scan on public.t_ab
         Output: a, b, c
(4 rows)

EXPLAIN (verbose, costs off) SELECT avg(v) FROM t_w29;
           QUERY PLAN           
--------------------------------
 Aggregate
   Output: avg(v)
   ->  Seq Scan on public.t_w29
         Output: v
(4 rows)

-- DISTINCT, ORDER BY and FILTER change the semantics of accumulation
EXPLAIN (verbose, costs off) SELECT sum(DISTINCT v) FROM t_ok;
             QUERY PLAN              
-------------------------------------
 Aggregate
   Output: sum(DISTINCT v)
   ->  Sort
         Output: v
         Sort Key: t_ok.v
         ->  Seq Scan on public.t_ok
               Output: v
(7 rows)

EXPLAIN (verbose, costs off) SELECT sum(v ORDER BY v) FROM t_ok;
             QUERY PLAN              
-------------------------------------
 Aggregate
   Output: sum(v ORDER BY v)
   ->  Sort
         Output: v
         Sort Key: t_ok.v
         ->  Seq Scan on public.t_ok
               Output: v
(7 rows)

EXPLAIN (verbose, costs off) SELECT sum(v) FILTER (WHERE v > 0) FROM t_ok;
                     QUERY PLAN                     
----------------------------------------------------
 Aggregate
   Output: sum(v) FILTER (WHERE (v > '0'::numeric))
   ->  Seq Scan on public.t_ok
         Output: v
(4 rows)

-- the off switch
SET pg_prosupport.bounded_numeric_agg = off;
EXPLAIN (verbose, costs off) SELECT sum(v) FROM t_ok;
          QUERY PLAN           
-------------------------------
 Aggregate
   Output: sum(v)
   ->  Seq Scan on public.t_ok
         Output: v
(4 rows)

RESET pg_prosupport.bounded_numeric_agg;
--
-- Values: the substituted aggregate has to match the stock one in everything,
-- including the result's dscale and the ordering of special values.
--
INSERT INTO t_ok VALUES (1.00), (2.50), (-0.75), (0.01), (1000000000000000.00);
SELECT sum(v) FROM t_ok;
         sum         
---------------------
 1000000000000002.76
(1 row)

SELECT sum(v) FROM t_ok WHERE false;
 sum 
-----
    
(1 row)

SELECT sum(v) FROM (VALUES (NULL::numeric(18,2))) x(v);
 sum 
-----
    
(1 row)

SELECT sum(v) FROM (VALUES (1.00::numeric(18,2)), (NULL)) x(v);
 sum  
------
 1.00
(1 row)

-- the result's scale must not depend on the values
SELECT sum(v), pg_typeof(sum(v)) FROM (VALUES (1.00::numeric(18,2))) x(v);
 sum  | pg_typeof 
------+-----------
 1.00 | numeric
(1 row)

SELECT sum(v) FROM (VALUES (0.00::numeric(18,2))) x(v);
 sum  
------
 0.00
(1 row)

SELECT sum(v) FROM (VALUES (0::numeric(18,0))) x(v);
 sum 
-----
   0
(1 row)

-- precision boundaries: eighteen nines at s = 0 and at s = 2
SELECT sum(v) FROM (VALUES ('999999999999999999'::numeric(18,0))) x(v);
        sum         
--------------------
 999999999999999999
(1 row)

SELECT sum(v) FROM (VALUES ('9999999999999999.99'::numeric(18,2))) x(v);
         sum         
---------------------
 9999999999999999.99
(1 row)

SELECT sum(v) FROM (VALUES ('0.999999999999999999'::numeric(18,18))) x(v);
         sum          
----------------------
 0.999999999999999999
(1 row)

SELECT sum(v) FROM (VALUES ('-9999999999999999.99'::numeric(18,2)),
						   ('-9999999999999999.99')) x(v);
          sum          
-----------------------
 -19999999999999999.98
(1 row)

-- the sum stops fitting in an int64: the general path that assembles the
-- result from three eighteen-digit parts takes over
SELECT sum(v) FROM (SELECT '9999999999999999.99'::numeric(18,2)
					FROM generate_series(1, 20)) x(v);
          sum          
-----------------------
 199999999999999999.80
(1 row)

--
-- 19 <= p <= 28: each individual mantissa is already too wide for an int64,
-- so this is what exercises the wide digits.
--
SELECT sum(v) FROM (VALUES ('12345678901234567.89'::numeric(19,2))) x(v);
         sum          
----------------------
 12345678901234567.89
(1 row)

SELECT sum(v) FROM (VALUES ('99999999999999999.99'::numeric(19,2)),
						   ('99999999999999999.99')) x(v);
          sum          
-----------------------
 199999999999999999.98
(1 row)

-- precision boundaries at p = 28
SELECT sum(v) FROM (VALUES ('99999999.99999999999999999999'::numeric(28,20))) x(v);
              sum              
-------------------------------
 99999999.99999999999999999999
(1 row)

SELECT sum(v) FROM (VALUES ('-99999999.99999999999999999999'::numeric(28,20)),
						   ('0.00000000000000000001')) x(v);
              sum               
--------------------------------
 -99999999.99999999999999999998
(1 row)

SELECT sum(v) FROM (VALUES ('9999999999999999999999999999'::numeric(28,0))) x(v);
             sum              
------------------------------
 9999999999999999999999999999
(1 row)

-- the result's scale, and zeroes
SELECT sum(v) FROM (VALUES ('0.00'::numeric(19,2))) x(v);
 sum  
------
 0.00
(1 row)

SELECT sum(v) FROM (VALUES ('1.00'::numeric(19,2)), (NULL)) x(v);
 sum  
------
 1.00
(1 row)

SELECT sum(v) FROM (VALUES ('NaN'::numeric(19,2)), ('1.00')) x(v);
 sum 
-----
 NaN
(1 row)

-- a sum landing well outside int64
SELECT sum(v) FROM (SELECT '99999999999999999.99'::numeric(19,2)
					FROM generate_series(1, 1000)) x(v);
           sum           
-------------------------
 99999999999999999990.00
(1 row)

-- Special values.  A numeric(18,2) column holds NaN but not the infinities:
-- apply_typmod() rejects those.  So +-Infinity cannot reach the substituted
-- aggregate at all, and the infinity counters are exercised by calling it
-- directly.
SELECT sum(v) FROM (VALUES ('NaN'::numeric(18,2)), (1.00)) x(v);
 sum 
-----
 NaN
(1 row)

SELECT sum(v) FROM (VALUES ('NaN'::numeric(18,2)), (NULL)) x(v);
 sum 
-----
 NaN
(1 row)

SELECT 'Infinity'::numeric(18,2);
ERROR:  numeric field overflow
DETAIL:  A field with precision 18, scale 2 cannot hold an infinite value.
SELECT bounded_numeric_sum(v, 2)
  FROM (VALUES ('Infinity'::numeric), (1.00)) x(v);
 bounded_numeric_sum 
---------------------
            Infinity
(1 row)

SELECT bounded_numeric_sum(v, 2)
  FROM (VALUES ('-Infinity'::numeric), (1.00)) x(v);
 bounded_numeric_sum 
---------------------
           -Infinity
(1 row)

SELECT bounded_numeric_sum(v, 2)
  FROM (VALUES ('Infinity'::numeric), ('-Infinity')) x(v);
 bounded_numeric_sum 
---------------------
                 NaN
(1 row)

SELECT bounded_numeric_sum(v, 2)
  FROM (VALUES ('NaN'::numeric), ('Infinity')) x(v);
 bounded_numeric_sum 
---------------------
                 NaN
(1 row)

--
-- Differential check against core on wider data.  The reference is computed
-- with the switch off -- that is, by the real pg_catalog.sum -- stored in a
-- table and compared with the substituted result.  The comparison is on text
-- rather than on the value: numeric_eq considers 1.0 and 1.00 equal, and we
-- also want to catch a dscale mismatch, which would later throw off avg().
--
CREATE TABLE t_bulk (grp int, v numeric(18,4), w numeric(26,10));
INSERT INTO t_bulk
  SELECT i % 97,
		 ((i * 7919) % 1000000)::numeric / 10000,
		 ((i * 104729)::numeric * 1000000007) / 10000000000
  FROM generate_series(1, 20000) i;
SET pg_prosupport.bounded_numeric_agg = off;
CREATE TABLE t_ref AS
  SELECT grp, sum(v) AS s, sum(w) AS sw FROM t_bulk GROUP BY grp;
RESET pg_prosupport.bounded_numeric_agg;
SELECT count(*) AS mismatches
FROM t_ref r
FULL JOIN (SELECT grp, sum(v) AS s, sum(w) AS sw FROM t_bulk GROUP BY grp) a
	  USING (grp)
WHERE r.s::text IS DISTINCT FROM a.s::text
   OR r.sw::text IS DISTINCT FROM a.sw::text;
 mismatches 
------------
          0
(1 row)

-- and the same for the sum over the whole table
SET pg_prosupport.bounded_numeric_agg = off;
SELECT sum(v)::text AS ref FROM t_bulk \gset
RESET pg_prosupport.bounded_numeric_agg;
SELECT sum(v)::text = :'ref' AS matches_stock FROM t_bulk;
 matches_stock 
---------------
 t
(1 row)

-- avg() over the same data, grouped and ungrouped: the quotient's scale comes
-- out of select_div_scale(), so a dscale mismatch in our sum would show here
SET pg_prosupport.bounded_numeric_agg = off;
CREATE TABLE t_avgref AS
  SELECT grp, avg(v) AS a, avg(w) AS aw FROM t_bulk GROUP BY grp;
SELECT avg(v)::text AS avgref FROM t_bulk \gset
RESET pg_prosupport.bounded_numeric_agg;
SELECT count(*) AS avg_mismatches
FROM t_avgref r
FULL JOIN (SELECT grp, avg(v) AS a, avg(w) AS aw FROM t_bulk GROUP BY grp) x
	  USING (grp)
WHERE r.a::text IS DISTINCT FROM x.a::text
   OR r.aw::text IS DISTINCT FROM x.aw::text;
 avg_mismatches 
----------------
              0
(1 row)

SELECT avg(v)::text = :'avgref' AS avg_matches_stock FROM t_bulk;
 avg_matches_stock 
-------------------
 t
(1 row)

SELECT avg(v) FROM t_bulk WHERE false;
 avg 
-----
    
(1 row)

SELECT avg(v) FROM (VALUES ('NaN'::numeric(18,2)), (1.00)) x(v);
 avg 
-----
 NaN
(1 row)

SELECT avg(v) FROM (VALUES (NULL::numeric(18,2))) x(v);
 avg 
-----
    
(1 row)

-- parallel avg: the combine and serialize functions are shared with sum(),
-- but the final function is not
SET max_parallel_workers_per_gather = 0;
SELECT avg(v)::text AS avgseq FROM t_bulk \gset
SET max_parallel_workers_per_gather = 4;
SELECT avg(v)::text = :'avgseq' AS avg_parallel_matches_serial FROM t_bulk;
 avg_parallel_matches_serial 
-----------------------------
 t
(1 row)

-- parallel aggregation must give the same answer as the serial one
SET max_parallel_workers_per_gather = 0;
SELECT sum(v) FROM t_bulk \gset seq_
SET max_parallel_workers_per_gather = 4;
SET parallel_setup_cost = 0;
SET parallel_tuple_cost = 0;
SET min_parallel_table_scan_size = 0;
SELECT sum(v) = :'seq_sum' AS parallel_matches_serial FROM t_bulk;
 parallel_matches_serial 
-------------------------
 t
(1 row)

--
-- A sum that does not fit in an int64.  This is the only place where the
-- 128-bit state is taken apart into halves (PG_INT128_HI_INT64 / make_int128),
-- and shipping it from a worker to the leader puts it through both.  The mix
-- of signs is needed to catch a sign-extension bug: with all-positive addends
-- a broken make_int128 would produce the same answer.
--
CREATE TABLE t_big (v numeric(18,2));
INSERT INTO t_big
  SELECT CASE WHEN i % 3 = 0 THEN -9999999999999999.99
              ELSE 9999999999999999.99 END
  FROM generate_series(1, 100000) i;
ANALYZE t_big;
SET pg_prosupport.bounded_numeric_agg = off;
SELECT sum(v)::text AS bigref FROM t_big \gset
RESET pg_prosupport.bounded_numeric_agg;
SELECT sum(v)::text = :'bigref' AS big_parallel_matches_stock FROM t_big;
 big_parallel_matches_stock 
----------------------------
 t
(1 row)

SET max_parallel_workers_per_gather = 0;
SELECT sum(v)::text = :'bigref' AS big_serial_matches_stock FROM t_big;
 big_serial_matches_stock 
--------------------------
 t
(1 row)

-- the same at p = 26: the mantissas are already beyond int64, the sum all the more
SET max_parallel_workers_per_gather = 4;
CREATE TABLE t_bigw (v numeric(26,10));
INSERT INTO t_bigw
  SELECT CASE WHEN i % 3 = 0 THEN -1234567890123456.7890123456
			  ELSE 9876543210987654.3210987654 END
  FROM generate_series(1, 100000) i;
ANALYZE t_bigw;
SET pg_prosupport.bounded_numeric_agg = off;
SELECT sum(v)::text AS bigwref FROM t_bigw \gset
RESET pg_prosupport.bounded_numeric_agg;
SELECT sum(v)::text = :'bigwref' AS wide_parallel_matches_stock FROM t_bigw;
 wide_parallel_matches_stock 
-----------------------------
 t
(1 row)

SET max_parallel_workers_per_gather = 0;
SELECT sum(v)::text = :'bigwref' AS wide_serial_matches_stock FROM t_bigw;
 wide_serial_matches_stock 
---------------------------
 t
(1 row)

RESET max_parallel_workers_per_gather;
RESET parallel_setup_cost;
RESET parallel_tuple_cost;
RESET min_parallel_table_scan_size;
--
-- A broken contract.  Calling the aggregate directly with a scale the value
-- does not conform to has to raise an error rather than round quietly.
--
SELECT bounded_numeric_sum(v, 2) FROM (VALUES (1.234::numeric)) x(v);
ERROR:  value does not fit the declared numeric scale 2
DETAIL:  The aggregate was specialised on the argument's declared type; a row source supplied a value outside that declaration.
SELECT bounded_numeric_sum(v, 2) FROM (VALUES (1e26::numeric)) x(v);
ERROR:  value does not fit the declared numeric scale 2
DETAIL:  The aggregate was specialised on the argument's declared type; a row source supplied a value outside that declaration.
SELECT bounded_numeric_sum(v, 2) FROM (VALUES (1e30::numeric)) x(v);
ERROR:  value does not fit the declared numeric scale 2
DETAIL:  The aggregate was specialised on the argument's declared type; a row source supplied a value outside that declaration.
--
-- The off switch has to reach a saved generic plan.  A GUC is not a source of
-- plan invalidation by itself, so the assign hook flushes the plan cache; in a
-- connection pool, where a generic plan can live for hours, those are exactly
-- the sessions the switch was added for.
--
-- avg(numeric) here, though sum(v) over a plain numeric(p,s) column would
-- show exactly the same thing: both are this extension's own rewrite,
-- reached through the same hook and governed by the same GUC, with no
-- core-level substitution running ahead of either one.
--
SET plan_cache_mode = force_generic_plan;
PREPARE pavg AS SELECT avg(v) FROM t_ok;
EXPLAIN (verbose, costs off) EXECUTE pavg;
             QUERY PLAN              
-------------------------------------
 Aggregate
   Output: bounded_numeric_avg(v, 2)
   ->  Seq Scan on public.t_ok
         Output: v
(4 rows)

SET pg_prosupport.bounded_numeric_agg = off;
EXPLAIN (verbose, costs off) EXECUTE pavg;
          QUERY PLAN           
-------------------------------
 Aggregate
   Output: avg(v)
   ->  Seq Scan on public.t_ok
         Output: v
(4 rows)

RESET pg_prosupport.bounded_numeric_agg;
EXPLAIN (verbose, costs off) EXECUTE pavg;
             QUERY PLAN              
-------------------------------------
 Aggregate
   Output: bounded_numeric_avg(v, 2)
   ->  Seq Scan on public.t_ok
         Output: v
(4 rows)

DEALLOCATE pavg;
RESET plan_cache_mode;
--
-- An aggregate we do not know, e.g. max(numeric): agg_simplify_hook is
-- called for it too, since it is called for every Aggref in the query, not
-- just sum()/avg().  There must be no substitution and no complaint -- this
-- is the overwhelmingly common case, not a misconfiguration.
--
EXPLAIN (verbose, costs off) SELECT max(v) FROM t_ok;
          QUERY PLAN           
-------------------------------
 Aggregate
   Output: max(v)
   ->  Seq Scan on public.t_ok
         Output: v
(4 rows)

SELECT max(v) FROM t_ok;
         max         
---------------------
 1000000000000000.00
(1 row)

--
-- Turning the switch off is the way to stop this extension's own rewrites
-- without a restart; there is no catalog attachment to undo.  sum(v) is
-- included for contrast, not because the switch does anything to it any
-- more: it stays substituted by core regardless, which is the point of
-- moving it to the catalog in the first place (nothing here is ever wrong to
-- do, so there is nothing for a switch to decide).  avg(v) is still ours to
-- turn off.
--
SET pg_prosupport.bounded_numeric_agg = off;
EXPLAIN (verbose, costs off) SELECT sum(v) FROM t_ok;
          QUERY PLAN           
-------------------------------
 Aggregate
   Output: sum(v)
   ->  Seq Scan on public.t_ok
         Output: v
(4 rows)

EXPLAIN (verbose, costs off) SELECT avg(v) FROM t_ok;
          QUERY PLAN           
-------------------------------
 Aggregate
   Output: avg(v)
   ->  Seq Scan on public.t_ok
         Output: v
(4 rows)

RESET pg_prosupport.bounded_numeric_agg;
DROP TABLE t_ok, t_wide, t_w28, t_w29, t_plain, t_int0, t_frac, t_dom, t_dom2,
		   t_bulk, t_ref, t_big, t_bigw, t_ab, t_avgref, t_mul, t_mulref;
DROP DOMAIN money18_2;
DROP DOMAIN money18;
DROP EXTENSION pg_prosupport;
